SELECT
STAR
WHERE
LBRACE
LPAREN
VAR ?s
VAR ?p
VAR ?o
RPAREN
DOT
RBRACE
LIMIT
INT 3
